
> hw_9.1.1@1.0.0 cy:run:parallel:laptopmonitor:dashboard
> concurrently "npm run cy:run:laptop -- --record --key 556b4c62-cc40-47e6-b947-1cb154ced6a4" "npm run cy:run:monitor -- --record --key 556b4c62-cc40-47e6-b947-1cb154ced6a4"

[0] 
[0] > hw_9.1.1@1.0.0 cy:run:laptop
[0] > cypress run --config-file cypress-laptop.config.js --reporter junit --reporter-options "mochaFile=results/junit-laptop.xml" --record --key 556b4c62-cc40-47e6-b947-1cb154ced6a4
[0] 
[1] 
[1] > hw_9.1.1@1.0.0 cy:run:monitor
[1] > cypress run --config-file cypress-monitor.config.js --reporter junit --reporter-options "mochaFile=results/junit-monitor.xml" --record --key 556b4c62-cc40-47e6-b947-1cb154ced6a4
[1] 
[0] 
[1] 
[1] 
[1] DevTools listening on ws://127.0.0.1:58313/devtools/browser/71a774d7-54f9-45b5-ab3f-aa8065a83d78
[0] 
[0] DevTools listening on ws://127.0.0.1:58314/devtools/browser/564f433b-e7d0-4094-84b8-7b94651798c7
[0] Couldn't determine Mocha version
[1] Couldn't determine Mocha version
[0] 
[0] [90m====================================================================================================[39m
[0] 
[0] [0m  ([4m[1mRun Starting[22m[24m)[0m
[0] 
[0] [90m  ┌[39m[90m─[39m[90m─[39m[90m─[39m[90m─[39m[90m─[39m[90m─[39m[90m─[39m[90m─[39m[90m─[39m[90m─[39m[90m─[39m[90m─[39m[90m─[39m[90m─[39m[90m─[39m[90m─[39m[90m─[39m[90m─[39m[90m─[39m[90m─[39m[90m─[39m[90m─[39m[90m─[39m[90m─[39m[90m─[39m[90m─[39m[90m─[39m[90m─[39m[90m─[39m[90m─[39m[90m─[39m[90m─[39m[90m─[39m[90m─[39m[90m─[39m[90m─[39m[90m─[39m[90m─[39m[90m─[39m[90m─[39m[90m─[39m[90m─[39m[90m─[39m[90m─[39m[90m─[39m[90m─[39m[90m─[39m[90m─[39m[90m─[39m[90m─[39m[90m─[39m[90m─[39m[90m─[39m[90m─[39m[90m─[39m[90m─[39m[90m─[39m[90m─[39m[90m─[39m[90m─[39m[90m─[39m[90m─[39m[90m─[39m[90m─[39m[90m─[39m[90m─[39m[90m─[39m[90m─[39m[90m─[39m[90m─[39m[90m─[39m[90m─[39m[90m─[39m[90m─[39m[90m─[39m[90m─[39m[90m─[39m[90m─[39m[90m─[39m[90m─[39m[90m─[39m[90m─[39m[90m─[39m[90m─[39m[90m─[39m[90m─[39m[90m─[39m[90m─[39m[90m─[39m[90m─[39m[90m─[39m[90m─[39m[90m─[39m[90m─[39m[90m─[39m[90m─[39m[90m┐[39m
[0] [90m  │[39m [90mCypress:[39m        13.7.3                                                                         [90m│[39m
[0] [90m  │[39m [90mBrowser:[39m        Electron 118 [90m(headless)[39m                                                        [90m│[39m
[0] [90m  │[39m [90mNode Version:[39m   [0mv21.5.0 [90m(C:\Users\omelnik\Downloads\recepiesNode-master\node.exe)[39m[0m              [90m│[39m
[0] [90m  │[39m [90mSpecs:[39m          [0m1 found (test_chrome.js)[0m                                                       [90m│[39m
[0] [90m  │[39m [90mSearched:[39m       [0m**/laptop/*.js[0m                                                                 [90m│[39m
[0] [90m  │[39m [90mParams:[39m         Tag: false, Group: false, Parallel: false                                      [90m│[39m
[0] [90m  │[39m [90mRun URL:[39m        [0mhttps://cloud.cypress.io/projects/fs2ut8/runs/11[0m                               [90m│[39m
[0] [90m  └[39m[90m─[39m[90m─[39m[90m─[39m[90m─[39m[90m─[39m[90m─[39m[90m─[39m[90m─[39m[90m─[39m[90m─[39m[90m─[39m[90m─[39m[90m─[39m[90m─[39m[90m─[39m[90m─[39m[90m─[39m[90m─[39m[90m─[39m[90m─[39m[90m─[39m[90m─[39m[90m─[39m[90m─[39m[90m─[39m[90m─[39m[90m─[39m[90m─[39m[90m─[39m[90m─[39m[90m─[39m[90m─[39m[90m─[39m[90m─[39m[90m─[39m[90m─[39m[90m─[39m[90m─[39m[90m─[39m[90m─[39m[90m─[39m[90m─[39m[90m─[39m[90m─[39m[90m─[39m[90m─[39m[90m─[39m[90m─[39m[90m─[39m[90m─[39m[90m─[39m[90m─[39m[90m─[39m[90m─[39m[90m─[39m[90m─[39m[90m─[39m[90m─[39m[90m─[39m[90m─[39m[90m─[39m[90m─[39m[90m─[39m[90m─[39m[90m─[39m[90m─[39m[90m─[39m[90m─[39m[90m─[39m[90m─[39m[90m─[39m[90m─[39m[90m─[39m[90m─[39m[90m─[39m[90m─[39m[90m─[39m[90m─[39m[90m─[39m[90m─[39m[90m─[39m[90m─[39m[90m─[39m[90m─[39m[90m─[39m[90m─[39m[90m─[39m[90m─[39m[90m─[39m[90m─[39m[90m─[39m[90m─[39m[90m─[39m[90m─[39m[90m─[39m[90m─[39m[90m┘[39m
[0] 
[1] 
[1] [90m====================================================================================================[39m
[1] 
[1] [0m  ([4m[1mRun Starting[22m[24m)[0m
[1] 
[1] [90m  ┌[39m[90m─[39m[90m─[39m[90m─[39m[90m─[39m[90m─[39m[90m─[39m[90m─[39m[90m─[39m[90m─[39m[90m─[39m[90m─[39m[90m─[39m[90m─[39m[90m─[39m[90m─[39m[90m─[39m[90m─[39m[90m─[39m[90m─[39m[90m─[39m[90m─[39m[90m─[39m[90m─[39m[90m─[39m[90m─[39m[90m─[39m[90m─[39m[90m─[39m[90m─[39m[90m─[39m[90m─[39m[90m─[39m[90m─[39m[90m─[39m[90m─[39m[90m─[39m[90m─[39m[90m─[39m[90m─[39m[90m─[39m[90m─[39m[90m─[39m[90m─[39m[90m─[39m[90m─[39m[90m─[39m[90m─[39m[90m─[39m[90m─[39m[90m─[39m[90m─[39m[90m─[39m[90m─[39m[90m─[39m[90m─[39m[90m─[39m[90m─[39m[90m─[39m[90m─[39m[90m─[39m[90m─[39m[90m─[39m[90m─[39m[90m─[39m[90m─[39m[90m─[39m[90m─[39m[90m─[39m[90m─[39m[90m─[39m[90m─[39m[90m─[39m[90m─[39m[90m─[39m[90m─[39m[90m─[39m[90m─[39m[90m─[39m[90m─[39m[90m─[39m[90m─[39m[90m─[39m[90m─[39m[90m─[39m[90m─[39m[90m─[39m[90m─[39m[90m─[39m[90m─[39m[90m─[39m[90m─[39m[90m─[39m[90m─[39m[90m─[39m[90m─[39m[90m─[39m[90m┐[39m
[1] [90m  │[39m [90mCypress:[39m        13.7.3                                                                         [90m│[39m
[1] [90m  │[39m [90mBrowser:[39m        Electron 118 [90m(headless)[39m                                                        [90m│[39m
[1] [90m  │[39m [90mNode Version:[39m   [0mv21.5.0 [90m(C:\Users\omelnik\Downloads\recepiesNode-master\node.exe)[39m[0m              [90m│[39m
[1] [90m  │[39m [90mSpecs:[39m          [0m1 found (test_electron.js)[0m                                                     [90m│[39m
[1] [90m  │[39m [90mSearched:[39m       [0m**/monitor/*.js[0m                                                                [90m│[39m
[1] [90m  │[39m [90mParams:[39m         Tag: false, Group: false, Parallel: false                                      [90m│[39m
[1] [90m  │[39m [90mRun URL:[39m        [0mhttps://cloud.cypress.io/projects/fs2ut8/runs/12[0m                               [90m│[39m
[1] [90m  └[39m[90m─[39m[90m─[39m[90m─[39m[90m─[39m[90m─[39m[90m─[39m[90m─[39m[90m─[39m[90m─[39m[90m─[39m[90m─[39m[90m─[39m[90m─[39m[90m─[39m[90m─[39m[90m─[39m[90m─[39m[90m─[39m[90m─[39m[90m─[39m[90m─[39m[90m─[39m[90m─[39m[90m─[39m[90m─[39m[90m─[39m[90m─[39m[90m─[39m[90m─[39m[90m─[39m[90m─[39m[90m─[39m[90m─[39m[90m─[39m[90m─[39m[90m─[39m[90m─[39m[90m─[39m[90m─[39m[90m─[39m[90m─[39m[90m─[39m[90m─[39m[90m─[39m[90m─[39m[90m─[39m[90m─[39m[90m─[39m[90m─[39m[90m─[39m[90m─[39m[90m─[39m[90m─[39m[90m─[39m[90m─[39m[90m─[39m[90m─[39m[90m─[39m[90m─[39m[90m─[39m[90m─[39m[90m─[39m[90m─[39m[90m─[39m[90m─[39m[90m─[39m[90m─[39m[90m─[39m[90m─[39m[90m─[39m[90m─[39m[90m─[39m[90m─[39m[90m─[39m[90m─[39m[90m─[39m[90m─[39m[90m─[39m[90m─[39m[90m─[39m[90m─[39m[90m─[39m[90m─[39m[90m─[39m[90m─[39m[90m─[39m[90m─[39m[90m─[39m[90m─[39m[90m─[39m[90m─[39m[90m─[39m[90m─[39m[90m─[39m[90m─[39m[90m─[39m[90m┘[39m
[1] 
[0] 
[1] 
[0] [90m─[39m[90m─[39m[90m─[39m[90m─[39m[90m─[39m[90m─[39m[90m─[39m[90m─[39m[90m─[39m[90m─[39m[90m─[39m[90m─[39m[90m─[39m[90m─[39m[90m─[39m[90m─[39m[90m─[39m[90m─[39m[90m─[39m[90m─[39m[90m─[39m[90m─[39m[90m─[39m[90m─[39m[90m─[39m[90m─[39m[90m─[39m[90m─[39m[90m─[39m[90m─[39m[90m─[39m[90m─[39m[90m─[39m[90m─[39m[90m─[39m[90m─[39m[90m─[39m[90m─[39m[90m─[39m[90m─[39m[90m─[39m[90m─[39m[90m─[39m[90m─[39m[90m─[39m[90m─[39m[90m─[39m[90m─[39m[90m─[39m[90m─[39m[90m─[39m[90m─[39m[90m─[39m[90m─[39m[90m─[39m[90m─[39m[90m─[39m[90m─[39m[90m─[39m[90m─[39m[90m─[39m[90m─[39m[90m─[39m[90m─[39m[90m─[39m[90m─[39m[90m─[39m[90m─[39m[90m─[39m[90m─[39m[90m─[39m[90m─[39m[90m─[39m[90m─[39m[90m─[39m[90m─[39m[90m─[39m[90m─[39m[90m─[39m[90m─[39m[90m─[39m[90m─[39m[90m─[39m[90m─[39m[90m─[39m[90m─[39m[90m─[39m[90m─[39m[90m─[39m[90m─[39m[90m─[39m[90m─[39m[90m─[39m[90m─[39m[90m─[39m[90m─[39m[90m─[39m[90m─[39m[90m─[39m[90m─[39m
[0]                                                                                                     
[0]   Running:  [90mtest_chrome.js[39m                                                                  [90m(1 of 1)[39m
[1] [90m─[39m[90m─[39m[90m─[39m[90m─[39m[90m─[39m[90m─[39m[90m─[39m[90m─[39m[90m─[39m[90m─[39m[90m─[39m[90m─[39m[90m─[39m[90m─[39m[90m─[39m[90m─[39m[90m─[39m[90m─[39m[90m─[39m[90m─[39m[90m─[39m[90m─[39m[90m─[39m[90m─[39m[90m─[39m[90m─[39m[90m─[39m[90m─[39m[90m─[39m[90m─[39m[90m─[39m[90m─[39m[90m─[39m[90m─[39m[90m─[39m[90m─[39m[90m─[39m[90m─[39m[90m─[39m[90m─[39m[90m─[39m[90m─[39m[90m─[39m[90m─[39m[90m─[39m[90m─[39m[90m─[39m[90m─[39m[90m─[39m[90m─[39m[90m─[39m[90m─[39m[90m─[39m[90m─[39m[90m─[39m[90m─[39m[90m─[39m[90m─[39m[90m─[39m[90m─[39m[90m─[39m[90m─[39m[90m─[39m[90m─[39m[90m─[39m[90m─[39m[90m─[39m[90m─[39m[90m─[39m[90m─[39m[90m─[39m[90m─[39m[90m─[39m[90m─[39m[90m─[39m[90m─[39m[90m─[39m[90m─[39m[90m─[39m[90m─[39m[90m─[39m[90m─[39m[90m─[39m[90m─[39m[90m─[39m[90m─[39m[90m─[39m[90m─[39m[90m─[39m[90m─[39m[90m─[39m[90m─[39m[90m─[39m[90m─[39m[90m─[39m[90m─[39m[90m─[39m[90m─[39m[90m─[39m[90m─[39m
[1]                                                                                                     
[1]   Running:  [90mtest_electron.js[39m                                                                [90m(1 of 1)[39m
[0]   Estimated: [90m7 seconds[39m
[1]   Estimated: [90m6 seconds[39m
[1] 
[1] [32m  ([4m[1mResults[22m[24m)[39m
[1] 
[1] [90m  ┌[39m[90m─[39m[90m─[39m[90m─[39m[90m─[39m[90m─[39m[90m─[39m[90m─[39m[90m─[39m[90m─[39m[90m─[39m[90m─[39m[90m─[39m[90m─[39m[90m─[39m[90m─[39m[90m─[39m[90m─[39m[90m─[39m[90m─[39m[90m─[39m[90m─[39m[90m─[39m[90m─[39m[90m─[39m[90m─[39m[90m─[39m[90m─[39m[90m─[39m[90m─[39m[90m─[39m[90m─[39m[90m─[39m[90m─[39m[90m─[39m[90m─[39m[90m─[39m[90m─[39m[90m─[39m[90m─[39m[90m─[39m[90m─[39m[90m─[39m[90m─[39m[90m─[39m[90m─[39m[90m─[39m[90m─[39m[90m─[39m[90m─[39m[90m─[39m[90m─[39m[90m─[39m[90m─[39m[90m─[39m[90m─[39m[90m─[39m[90m─[39m[90m─[39m[90m─[39m[90m─[39m[90m─[39m[90m─[39m[90m─[39m[90m─[39m[90m─[39m[90m─[39m[90m─[39m[90m─[39m[90m─[39m[90m─[39m[90m─[39m[90m─[39m[90m─[39m[90m─[39m[90m─[39m[90m─[39m[90m─[39m[90m─[39m[90m─[39m[90m─[39m[90m─[39m[90m─[39m[90m─[39m[90m─[39m[90m─[39m[90m─[39m[90m─[39m[90m─[39m[90m─[39m[90m─[39m[90m─[39m[90m─[39m[90m─[39m[90m─[39m[90m─[39m[90m─[39m[90m┐[39m
[1] [90m  │[39m [90mTests:[39m        [32m2[39m                                                                                [90m│[39m
[1] [90m  │[39m [90mPassing:[39m      [32m2[39m                                                                                [90m│[39m
[1] [90m  │[39m [90mFailing:[39m      [32m0[39m                                                                                [90m│[39m
[1] [90m  │[39m [90mPending:[39m      [32m0[39m                                                                                [90m│[39m
[1] [90m  │[39m [90mSkipped:[39m      [32m0[39m                                                                                [90m│[39m
[1] [90m  │[39m [90mScreenshots:[39m  [32m0[39m                                                                                [90m│[39m
[1] [90m  │[39m [90mVideo:[39m        [32mfalse[39m                                                                            [90m│[39m
[1] [90m  │[39m [90mDuration:[39m     [32m25 seconds[39m                                                                       [90m│[39m
[1] [90m  │[39m [90mEstimated:[39m    [32m6 seconds[39m                                                                        [90m│[39m
[1] [90m  │[39m [90mSpec Ran:[39m     [32m[32mtest_electron.js[32m[39m                                                                 [90m│[39m
[1] [90m  └[39m[90m─[39m[90m─[39m[90m─[39m[90m─[39m[90m─[39m[90m─[39m[90m─[39m[90m─[39m[90m─[39m[90m─[39m[90m─[39m[90m─[39m[90m─[39m[90m─[39m[90m─[39m[90m─[39m[90m─[39m[90m─[39m[90m─[39m[90m─[39m[90m─[39m[90m─[39m[90m─[39m[90m─[39m[90m─[39m[90m─[39m[90m─[39m[90m─[39m[90m─[39m[90m─[39m[90m─[39m[90m─[39m[90m─[39m[90m─[39m[90m─[39m[90m─[39m[90m─[39m[90m─[39m[90m─[39m[90m─[39m[90m─[39m[90m─[39m[90m─[39m[90m─[39m[90m─[39m[90m─[39m[90m─[39m[90m─[39m[90m─[39m[90m─[39m[90m─[39m[90m─[39m[90m─[39m[90m─[39m[90m─[39m[90m─[39m[90m─[39m[90m─[39m[90m─[39m[90m─[39m[90m─[39m[90m─[39m[90m─[39m[90m─[39m[90m─[39m[90m─[39m[90m─[39m[90m─[39m[90m─[39m[90m─[39m[90m─[39m[90m─[39m[90m─[39m[90m─[39m[90m─[39m[90m─[39m[90m─[39m[90m─[39m[90m─[39m[90m─[39m[90m─[39m[90m─[39m[90m─[39m[90m─[39m[90m─[39m[90m─[39m[90m─[39m[90m─[39m[90m─[39m[90m─[39m[90m─[39m[90m─[39m[90m─[39m[90m─[39m[90m─[39m[90m─[39m[90m┘[39m
[1] 
[0] 
[0] [32m  ([4m[1mResults[22m[24m)[39m
[0] 
[0] [90m  ┌[39m[90m─[39m[90m─[39m[90m─[39m[90m─[39m[90m─[39m[90m─[39m[90m─[39m[90m─[39m[90m─[39m[90m─[39m[90m─[39m[90m─[39m[90m─[39m[90m─[39m[90m─[39m[90m─[39m[90m─[39m[90m─[39m[90m─[39m[90m─[39m[90m─[39m[90m─[39m[90m─[39m[90m─[39m[90m─[39m[90m─[39m[90m─[39m[90m─[39m[90m─[39m[90m─[39m[90m─[39m[90m─[39m[90m─[39m[90m─[39m[90m─[39m[90m─[39m[90m─[39m[90m─[39m[90m─[39m[90m─[39m[90m─[39m[90m─[39m[90m─[39m[90m─[39m[90m─[39m[90m─[39m[90m─[39m[90m─[39m[90m─[39m[90m─[39m[90m─[39m[90m─[39m[90m─[39m[90m─[39m[90m─[39m[90m─[39m[90m─[39m[90m─[39m[90m─[39m[90m─[39m[90m─[39m[90m─[39m[90m─[39m[90m─[39m[90m─[39m[90m─[39m[90m─[39m[90m─[39m[90m─[39m[90m─[39m[90m─[39m[90m─[39m[90m─[39m[90m─[39m[90m─[39m[90m─[39m[90m─[39m[90m─[39m[90m─[39m[90m─[39m[90m─[39m[90m─[39m[90m─[39m[90m─[39m[90m─[39m[90m─[39m[90m─[39m[90m─[39m[90m─[39m[90m─[39m[90m─[39m[90m─[39m[90m─[39m[90m─[39m[90m─[39m[90m─[39m[90m┐[39m
[0] [90m  │[39m [90mTests:[39m        [32m2[39m                                                                                [90m│[39m
[0] [90m  │[39m [90mPassing:[39m      [32m2[39m                                                                                [90m│[39m
[0] [90m  │[39m [90mFailing:[39m      [32m0[39m                                                                                [90m│[39m
[0] [90m  │[39m [90mPending:[39m      [32m0[39m                                                                                [90m│[39m
[0] [90m  │[39m [90mSkipped:[39m      [32m0[39m                                                                                [90m│[39m
[0] [90m  │[39m [90mScreenshots:[39m  [32m0[39m                                                                                [90m│[39m
[0] [90m  │[39m [90mVideo:[39m        [32mfalse[39m                                                                            [90m│[39m
[0] [90m  │[39m [90mDuration:[39m     [32m25 seconds[39m                                                                       [90m│[39m
[0] [90m  │[39m [90mEstimated:[39m    [32m7 seconds[39m                                                                        [90m│[39m
[0] [90m  │[39m [90mSpec Ran:[39m     [32m[32mtest_chrome.js[32m[39m                                                                   [90m│[39m
[0] [90m  └[39m[90m─[39m[90m─[39m[90m─[39m[90m─[39m[90m─[39m[90m─[39m[90m─[39m[90m─[39m[90m─[39m[90m─[39m[90m─[39m[90m─[39m[90m─[39m[90m─[39m[90m─[39m[90m─[39m[90m─[39m[90m─[39m[90m─[39m[90m─[39m[90m─[39m[90m─[39m[90m─[39m[90m─[39m[90m─[39m[90m─[39m[90m─[39m[90m─[39m[90m─[39m[90m─[39m[90m─[39m[90m─[39m[90m─[39m[90m─[39m[90m─[39m[90m─[39m[90m─[39m[90m─[39m[90m─[39m[90m─[39m[90m─[39m[90m─[39m[90m─[39m[90m─[39m[90m─[39m[90m─[39m[90m─[39m[90m─[39m[90m─[39m[90m─[39m[90m─[39m[90m─[39m[90m─[39m[90m─[39m[90m─[39m[90m─[39m[90m─[39m[90m─[39m[90m─[39m[90m─[39m[90m─[39m[90m─[39m[90m─[39m[90m─[39m[90m─[39m[90m─[39m[90m─[39m[90m─[39m[90m─[39m[90m─[39m[90m─[39m[90m─[39m[90m─[39m[90m─[39m[90m─[39m[90m─[39m[90m─[39m[90m─[39m[90m─[39m[90m─[39m[90m─[39m[90m─[39m[90m─[39m[90m─[39m[90m─[39m[90m─[39m[90m─[39m[90m─[39m[90m─[39m[90m─[39m[90m─[39m[90m─[39m[90m─[39m[90m─[39m[90m─[39m[90m─[39m[90m┘[39m
[0] 
[1] 
[1] [94m  ([4m[1mUploading Cloud Artifacts[22m[24m)[39m
[1] 
  - Video - Nothing to upload 
[1]   - Screenshot - Nothing to upload 
  - Test Replay - 515 kB
[1] 
[1m[94m  Uploading Cloud Artifacts: [39m[22m[1m[94m. [39m[22m
[0] [94m  ([4m[1mUploading Cloud Artifacts[22m[24m)[39m
[0] 
[0]   - Video - Nothing to upload 
[0]   - Screenshot - Nothing to upload 
  - Test Replay - 514 kB
[0] 
[1m[94m  Uploading Cloud Artifacts: [39m[22m[1m[94m. [39m[22m
[1] 
[1] [94m  ([4m[1mUploaded Cloud Artifacts[22m[24m)[39m
[1] 
[1]   - Test Replay - Done Uploading 515 kB in 1s [90m1/1[39m
[0] 
[0] 
[0] [94m  ([4m[1mUploaded Cloud Artifacts[22m[24m)[39m
[0] 
[0]   - Test Replay - Done Uploading 514 kB in 1s [90m1/1[39m
[1] 
[1] [90m====================================================================================================[39m
[1] 
[1] [0m  ([4m[1mRun Finished[22m[24m)[0m
[1] 
[1] 
[1] [90m   [39m    [90mSpec[39m                                              [90mTests[39m  [90mPassing[39m  [90mFailing[39m  [90mPending[39m  [90mSkipped[39m [90m [39m
[1] [90m  ┌[39m[90m─[39m[90m─[39m[90m─[39m[90m─[39m[90m─[39m[90m─[39m[90m─[39m[90m─[39m[90m─[39m[90m─[39m[90m─[39m[90m─[39m[90m─[39m[90m─[39m[90m─[39m[90m─[39m[90m─[39m[90m─[39m[90m─[39m[90m─[39m[90m─[39m[90m─[39m[90m─[39m[90m─[39m[90m─[39m[90m─[39m[90m─[39m[90m─[39m[90m─[39m[90m─[39m[90m─[39m[90m─[39m[90m─[39m[90m─[39m[90m─[39m[90m─[39m[90m─[39m[90m─[39m[90m─[39m[90m─[39m[90m─[39m[90m─[39m[90m─[39m[90m─[39m[90m─[39m[90m─[39m[90m─[39m[90m─[39m[90m─[39m[90m─[39m[90m─[39m[90m─[39m[90m─[39m[90m─[39m[90m─[39m[90m─[39m[90m─[39m[90m─[39m[90m─[39m[90m─[39m[90m─[39m[90m─[39m[90m─[39m[90m─[39m[90m─[39m[90m─[39m[90m─[39m[90m─[39m[90m─[39m[90m─[39m[90m─[39m[90m─[39m[90m─[39m[90m─[39m[90m─[39m[90m─[39m[90m─[39m[90m─[39m[90m─[39m[90m─[39m[90m─[39m[90m─[39m[90m─[39m[90m─[39m[90m─[39m[90m─[39m[90m─[39m[90m─[39m[90m─[39m[90m─[39m[90m─[39m[90m─[39m[90m─[39m[90m─[39m[90m─[39m[90m─[39m[90m┐[39m
[1] [90m  │[39m [32m✔[39m  [0mtest_electron.js[0m                         [90m00:25[39m        [0m2[0m        [32m2[39m        [90m-[39m        [90m-[39m        [90m-[39m [90m│[39m
[1] [90m  └[39m[90m─[39m[90m─[39m[90m─[39m[90m─[39m[90m─[39m[90m─[39m[90m─[39m[90m─[39m[90m─[39m[90m─[39m[90m─[39m[90m─[39m[90m─[39m[90m─[39m[90m─[39m[90m─[39m[90m─[39m[90m─[39m[90m─[39m[90m─[39m[90m─[39m[90m─[39m[90m─[39m[90m─[39m[90m─[39m[90m─[39m[90m─[39m[90m─[39m[90m─[39m[90m─[39m[90m─[39m[90m─[39m[90m─[39m[90m─[39m[90m─[39m[90m─[39m[90m─[39m[90m─[39m[90m─[39m[90m─[39m[90m─[39m[90m─[39m[90m─[39m[90m─[39m[90m─[39m[90m─[39m[90m─[39m[90m─[39m[90m─[39m[90m─[39m[90m─[39m[90m─[39m[90m─[39m[90m─[39m[90m─[39m[90m─[39m[90m─[39m[90m─[39m[90m─[39m[90m─[39m[90m─[39m[90m─[39m[90m─[39m[90m─[39m[90m─[39m[90m─[39m[90m─[39m[90m─[39m[90m─[39m[90m─[39m[90m─[39m[90m─[39m[90m─[39m[90m─[39m[90m─[39m[90m─[39m[90m─[39m[90m─[39m[90m─[39m[90m─[39m[90m─[39m[90m─[39m[90m─[39m[90m─[39m[90m─[39m[90m─[39m[90m─[39m[90m─[39m[90m─[39m[90m─[39m[90m─[39m[90m─[39m[90m─[39m[90m─[39m[90m─[39m[90m─[39m[90m┘[39m
[1] [90m   [39m [32m✔[39m  [32mAll specs passed![39m                        [90m00:25[39m        [0m2[0m        [32m2[39m        [90m-[39m        [90m-[39m        [90m-[39m [90m [39m
[1] 
[1] 
[1] [90m─[39m[90m─[39m[90m─[39m[90m─[39m[90m─[39m[90m─[39m[90m─[39m[90m─[39m[90m─[39m[90m─[39m[90m─[39m[90m─[39m[90m─[39m[90m─[39m[90m─[39m[90m─[39m[90m─[39m[90m─[39m[90m─[39m[90m─[39m[90m─[39m[90m─[39m[90m─[39m[90m─[39m[90m─[39m[90m─[39m[90m─[39m[90m─[39m[90m─[39m[90m─[39m[90m─[39m[90m─[39m[90m─[39m[90m─[39m[90m─[39m[90m─[39m[90m─[39m[90m─[39m[90m─[39m[90m─[39m[90m─[39m[90m─[39m[90m─[39m[90m─[39m[90m─[39m[90m─[39m[90m─[39m[90m─[39m[90m─[39m[90m─[39m[90m─[39m[90m─[39m[90m─[39m[90m─[39m[90m─[39m[90m─[39m[90m─[39m[90m─[39m[90m─[39m[90m─[39m[90m─[39m[90m─[39m[90m─[39m[90m─[39m[90m─[39m[90m─[39m[90m─[39m[90m─[39m[90m─[39m[90m─[39m[90m─[39m[90m─[39m[90m─[39m[90m─[39m[90m─[39m[90m─[39m[90m─[39m[90m─[39m[90m─[39m[90m─[39m[90m─[39m[90m─[39m[90m─[39m[90m─[39m[90m─[39m[90m─[39m[90m─[39m[90m─[39m[90m─[39m[90m─[39m[90m─[39m[90m─[39m[90m─[39m[90m─[39m[90m─[39m[90m─[39m[90m─[39m[90m─[39m[90m─[39m[90m─[39m[90m─[39m[90m─[39m[90m─[39m
[1]                                                                                                        
[1]   Recorded Run: [90mhttps://cloud.cypress.io/projects/fs2ut8/runs/12[39m
[1] 
[0] 
[1] npm run cy:run:monitor -- --record --key 556b4c62-cc40-47e6-b947-1cb154ced6a4 exited with code 0
[0] [90m====================================================================================================[39m
[0] 
[0] [0m  ([4m[1mRun Finished[22m[24m)[0m
[0] 
[0] 
[0] [90m   [39m    [90mSpec[39m                                              [90mTests[39m  [90mPassing[39m  [90mFailing[39m  [90mPending[39m  [90mSkipped[39m [90m [39m
[0] [90m  ┌[39m[90m─[39m[90m─[39m[90m─[39m[90m─[39m[90m─[39m[90m─[39m[90m─[39m[90m─[39m[90m─[39m[90m─[39m[90m─[39m[90m─[39m[90m─[39m[90m─[39m[90m─[39m[90m─[39m[90m─[39m[90m─[39m[90m─[39m[90m─[39m[90m─[39m[90m─[39m[90m─[39m[90m─[39m[90m─[39m[90m─[39m[90m─[39m[90m─[39m[90m─[39m[90m─[39m[90m─[39m[90m─[39m[90m─[39m[90m─[39m[90m─[39m[90m─[39m[90m─[39m[90m─[39m[90m─[39m[90m─[39m[90m─[39m[90m─[39m[90m─[39m[90m─[39m[90m─[39m[90m─[39m[90m─[39m[90m─[39m[90m─[39m[90m─[39m[90m─[39m[90m─[39m[90m─[39m[90m─[39m[90m─[39m[90m─[39m[90m─[39m[90m─[39m[90m─[39m[90m─[39m[90m─[39m[90m─[39m[90m─[39m[90m─[39m[90m─[39m[90m─[39m[90m─[39m[90m─[39m[90m─[39m[90m─[39m[90m─[39m[90m─[39m[90m─[39m[90m─[39m[90m─[39m[90m─[39m[90m─[39m[90m─[39m[90m─[39m[90m─[39m[90m─[39m[90m─[39m[90m─[39m[90m─[39m[90m─[39m[90m─[39m[90m─[39m[90m─[39m[90m─[39m[90m─[39m[90m─[39m[90m─[39m[90m─[39m[90m─[39m[90m─[39m[90m─[39m[90m┐[39m
[0] [90m  │[39m [32m✔[39m  [0mtest_chrome.js[0m                           [90m00:25[39m        [0m2[0m        [32m2[39m        [90m-[39m        [90m-[39m        [90m-[39m [90m│[39m
[0] [90m  └[39m[90m─[39m[90m─[39m[90m─[39m[90m─[39m[90m─[39m[90m─[39m[90m─[39m[90m─[39m[90m─[39m[90m─[39m[90m─[39m[90m─[39m[90m─[39m[90m─[39m[90m─[39m[90m─[39m[90m─[39m[90m─[39m[90m─[39m[90m─[39m[90m─[39m[90m─[39m[90m─[39m[90m─[39m[90m─[39m[90m─[39m[90m─[39m[90m─[39m[90m─[39m[90m─[39m[90m─[39m[90m─[39m[90m─[39m[90m─[39m[90m─[39m[90m─[39m[90m─[39m[90m─[39m[90m─[39m[90m─[39m[90m─[39m[90m─[39m[90m─[39m[90m─[39m[90m─[39m[90m─[39m[90m─[39m[90m─[39m[90m─[39m[90m─[39m[90m─[39m[90m─[39m[90m─[39m[90m─[39m[90m─[39m[90m─[39m[90m─[39m[90m─[39m[90m─[39m[90m─[39m[90m─[39m[90m─[39m[90m─[39m[90m─[39m[90m─[39m[90m─[39m[90m─[39m[90m─[39m[90m─[39m[90m─[39m[90m─[39m[90m─[39m[90m─[39m[90m─[39m[90m─[39m[90m─[39m[90m─[39m[90m─[39m[90m─[39m[90m─[39m[90m─[39m[90m─[39m[90m─[39m[90m─[39m[90m─[39m[90m─[39m[90m─[39m[90m─[39m[90m─[39m[90m─[39m[90m─[39m[90m─[39m[90m─[39m[90m─[39m[90m─[39m[90m─[39m[90m┘[39m
[0] [90m   [39m [32m✔[39m  [32mAll specs passed![39m                        [90m00:25[39m        [0m2[0m        [32m2[39m        [90m-[39m        [90m-[39m        [90m-[39m [90m [39m
[0] 
[0] 
[0] [90m─[39m[90m─[39m[90m─[39m[90m─[39m[90m─[39m[90m─[39m[90m─[39m[90m─[39m[90m─[39m[90m─[39m[90m─[39m[90m─[39m[90m─[39m[90m─[39m[90m─[39m[90m─[39m[90m─[39m[90m─[39m[90m─[39m[90m─[39m[90m─[39m[90m─[39m[90m─[39m[90m─[39m[90m─[39m[90m─[39m[90m─[39m[90m─[39m[90m─[39m[90m─[39m[90m─[39m[90m─[39m[90m─[39m[90m─[39m[90m─[39m[90m─[39m[90m─[39m[90m─[39m[90m─[39m[90m─[39m[90m─[39m[90m─[39m[90m─[39m[90m─[39m[90m─[39m[90m─[39m[90m─[39m[90m─[39m[90m─[39m[90m─[39m[90m─[39m[90m─[39m[90m─[39m[90m─[39m[90m─[39m[90m─[39m[90m─[39m[90m─[39m[90m─[39m[90m─[39m[90m─[39m[90m─[39m[90m─[39m[90m─[39m[90m─[39m[90m─[39m[90m─[39m[90m─[39m[90m─[39m[90m─[39m[90m─[39m[90m─[39m[90m─[39m[90m─[39m[90m─[39m[90m─[39m[90m─[39m[90m─[39m[90m─[39m[90m─[39m[90m─[39m[90m─[39m[90m─[39m[90m─[39m[90m─[39m[90m─[39m[90m─[39m[90m─[39m[90m─[39m[90m─[39m[90m─[39m[90m─[39m[90m─[39m[90m─[39m[90m─[39m[90m─[39m[90m─[39m[90m─[39m[90m─[39m[90m─[39m[90m─[39m[90m─[39m[90m─[39m
[0]                                                                                                        
[0]   Recorded Run: [90mhttps://cloud.cypress.io/projects/fs2ut8/runs/11[39m
[0] 
[0] npm run cy:run:laptop -- --record --key 556b4c62-cc40-47e6-b947-1cb154ced6a4 exited with code 0
